{
  "exclude": {
    "files": "mcp-servers|go.sum|tests|docs|^.secrets.baseline$|Makefile|charts|^docker-compose|infra|llm|alembic|mend-sast-suppressions.json|plugins|package-lock.json|plugin_templates|pyproject.toml|scripts|tools_rust",
    "lines": null
  },
  "generated_at": "2026-03-09T14:36:38Z",
  "plugins_used": [
    {
      "name": "AWSKeyDetector"
    },
    {
      "name": "ArtifactoryDetector"
    },
    {
      "name": "AzureStorageKeyDetector"
    },
    {
      "base64_limit": 4.5,
      "name": "Base64HighEntropyString"
    },
    {
      "name": "BasicAuthDetector"
    },
    {
      "name": "BoxDetector"
    },
    {
      "name": "CloudantDetector"
    },
    {
      "ghe_instance": "github.ibm.com",
      "name": "GheDetector"
    },
    {
      "name": "GitHubTokenDetector"
    },
    {
      "hex_limit": 3,
      "name": "HexHighEntropyString"
    },
    {
      "name": "IbmCloudIamDetector"
    },
    {
      "name": "IbmCosHmacDetector"
    },
    {
      "name": "JwtTokenDetector"
    },
    {
      "keyword_exclude": null,
      "name": "KeywordDetector"
    },
    {
      "name": "MailchimpDetector"
    },
    {
      "name": "NpmDetector"
    },
    {
      "name": "PrivateKeyDetector"
    },
    {
      "name": "SlackDetector"
    },
    {
      "name": "SoftlayerDetector"
    },
    {
      "name": "SquareOAuthDetector"
    },
    {
      "name": "StripeDetector"
    },
    {
      "name": "TwilioKeyDetector"
    }
  ],
  "results": {
    ".env.ce.example": [
      {
        "hashed_secret": "aa91e9f973a0fc76e4c2c303ec788f7b6c22a318",
        "is_secret": false,
        "is_verified": false,
        "line_number": 45,
        "type": "Secret Keyword",
        "verified_result": null
      }
    ],
    ".env.example": [
      {
        "hashed_secret": "08cd923367890009657eab812753379bdb321eeb",
        "is_secret": false,
        "is_verified": false,
        "line_number": 451,
        "type": "Basic Auth Credentials",
        "verified_result": null
      },
      {
        "hashed_secret": "fa9beb99e4029ad5a6615399e7bbae21356086b3",
        "is_secret": false,
        "is_verified": false,
        "line_number": 456,
        "type": "Basic Auth Credentials",
        "verified_result": null
      },
      {
        "hashed_secret": "14f8aa3e560a47851908ab0f04ec856dbc512d93",
        "is_secret": false,
        "is_verified": false,
        "line_number": 651,
        "type": "Secret Keyword",
        "verified_result": null
      },
      {
        "hashed_secret": "fa9beb99e4029ad5a6615399e7bbae21356086b3",
        "is_secret": false,
        "is_verified": false,
        "line_number": 893,
        "type": "Secret Keyword",
        "verified_result": null
      },
      {
        "hashed_secret": "7b4455a56fbf1d198e45e04c437488514645a82c",
        "is_secret": false,
        "is_verified": false,
        "line_number": 919,
        "type": "Secret Keyword",
        "verified_result": null
      },
      {
        "hashed_secret": "ac371b6dcce28a86c90d12bc57d946a800eebf17",
        "is_secret": false,
        "is_verified": false,
        "line_number": 999,
        "type": "Secret Keyword",
        "verified_result": null
      },
      {
        "hashed_secret": "0b6ec68df700dec4dcd64babd0eda1edccddace1",
        "is_secret": false,
        "is_verified": false,
        "line_number": 1004,
        "type": "Secret Keyword",
        "verified_result": null
      },
      {
        "hashed_secret": "4ad6f0082ee224001beb3ca5c3e81c8ceea5ed86",
        "is_secret": false,
        "is_verified": false,
        "line_number": 1009,
        "type": "Secret Keyword",
        "verified_result": null
      },
      {
        "hashed_secret": "cb32747fcfb55eaa194c8cd8e4ba7d49ada08a94",
        "is_secret": false,
        "is_verified": false,
        "line_number": 1015,
        "type": "Secret Keyword",
        "verified_result": null
      },
      {
        "hashed_secret": "6c178d51b13520496dbc767ed3d9d7aa5803ac72",
        "is_secret": false,
        "is_verified": false,
        "line_number": 1025,
        "type": "Secret Keyword",
        "verified_result": null
      },
      {
        "hashed_secret": "ca45060a53fd8a255d1a83ee8d2f025283ccc66e",
        "is_secret": false,
        "is_verified": false,
        "line_number": 1043,
        "type": "Secret Keyword",
        "verified_result": null
      },
      {
        "hashed_secret": "910fbf00f58e9bcb095ea26a75cc1d9a3355e671",
        "is_secret": false,
        "is_verified": false,
        "line_number": 1092,
        "type": "Secret Keyword",
        "verified_result": null
      }
    ],
    ".github/workflows/google-cloud-run-no-dependency.yml.inactive": [
      {
        "hashed_secret": "4a77914e1eb2def40529b855590c60df398d2037",
        "is_secret": false,
        "is_verified": false,
        "line_number": 50,
        "type": "Base64 High Entropy String",
        "verified_result": null
      },
      {
        "hashed_secret": "bd564db5d5cc358eb0e3523d3e03041739f230d5",
        "is_secret": false,
        "is_verified": false,
        "line_number": 56,
        "type": "Basic Auth Credentials",
        "verified_result": null
      },
      {
        "hashed_secret": "e727d1464ae12436e899a726da5b2f11d8381b26",
        "is_secret": false,
        "is_verified": false,
        "line_number": 57,
        "type": "Basic Auth Credentials",
        "verified_result": null
      }
    ],
    ".github/workflows/google-cloud-run.yml.inactive": [
      {
        "hashed_secret": "bd564db5d5cc358eb0e3523d3e03041739f230d5",
        "is_secret": false,
        "is_verified": false,
        "line_number": 95,
        "type": "Basic Auth Credentials",
        "verified_result": null
      },
      {
        "hashed_secret": "e727d1464ae12436e899a726da5b2f11d8381b26",
        "is_secret": false,
        "is_verified": false,
        "line_number": 96,
        "type": "Basic Auth Credentials",
        "verified_result": null
      }
    ],
    "AGENTS.md": [
      {
        "hashed_secret": "f4793151b0607198d4de9b1ca458d3e25adf1cb7",
        "is_secret": false,
        "is_verified": false,
        "line_number": 98,
        "type": "Secret Keyword",
        "verified_result": null
      },
      {
        "hashed_secret": "fa9beb99e4029ad5a6615399e7bbae21356086b3",
        "is_secret": false,
        "is_verified": false,
        "line_number": 141,
        "type": "Secret Keyword",
        "verified_result": null
      },
      {
        "hashed_secret": "7b4455a56fbf1d198e45e04c437488514645a82c",
        "is_secret": false,
        "is_verified": false,
        "line_number": 143,
        "type": "Secret Keyword",
        "verified_result": null
      },
      {
        "hashed_secret": "90bd1b48e958257948487b90bee080ba5ed00caa",
        "is_secret": false,
        "is_verified": false,
        "line_number": 215,
        "type": "Hex High Entropy String",
        "verified_result": null
      },
      {
        "hashed_secret": "48ffbad96aa9c2b33f9486f5a3c2108198acb518",
        "is_secret": false,
        "is_verified": false,
        "line_number": 216,
        "type": "Hex High Entropy String",
        "verified_result": null
      }
    ],
    "CHANGELOG.md": [
      {
        "hashed_secret": "b4673e578b9b30fe8bba1b555b7b59883444c697",
        "is_secret": false,
        "is_verified": false,
        "line_number": 266,
        "type": "Secret Keyword",
        "verified_result": null
      },
      {
        "hashed_secret": "4a0a2df96d4c9a13a282268cab33ac4b8cbb2c72",
        "is_secret": false,
        "is_verified": false,
        "line_number": 338,
        "type": "Secret Keyword",
        "verified_result": null
      },
      {
        "hashed_secret": "5baa61e4c9b93f3f0682250b6cf8331b7ee68fd8",
        "is_secret": false,
        "is_verified": false,
        "line_number": 688,
        "type": "Basic Auth Credentials",
        "verified_result": null
      },
      {
        "hashed_secret": "fa9beb99e4029ad5a6615399e7bbae21356086b3",
        "is_secret": false,
        "is_verified": false,
        "line_number": 2054,
        "type": "Basic Auth Credentials",
        "verified_result": null
      },
      {
        "hashed_secret": "fa9beb99e4029ad5a6615399e7bbae21356086b3",
        "is_secret": false,
        "is_verified": false,
        "line_number": 2145,
        "type": "Secret Keyword",
        "verified_result": null
      },
      {
        "hashed_secret": "ac371b6dcce28a86c90d12bc57d946a800eebf17",
        "is_secret": false,
        "is_verified": false,
        "line_number": 2188,
        "type": "Secret Keyword",
        "verified_result": null
      },
      {
        "hashed_secret": "0b6ec68df700dec4dcd64babd0eda1edccddace1",
        "is_secret": false,
        "is_verified": false,
        "line_number": 2193,
        "type": "Secret Keyword",
        "verified_result": null
      },
      {
        "hashed_secret": "4ad6f0082ee224001beb3ca5c3e81c8ceea5ed86",
        "is_secret": false,
        "is_verified": false,
        "line_number": 2198,
        "type": "Secret Keyword",
        "verified_result": null
      }
    ],
    "DEVELOPING.md": [
      {
        "hashed_secret": "5546721ffdfc2e5b0e4c0da38f10774f9ad50b09",
        "is_secret": false,
        "is_verified": false,
        "line_number": 438,
        "type": "Secret Keyword",
        "verified_result": null
      }
    ],
    "MIGRATION-0.7.0.md": [
      {
        "hashed_secret": "a6778f1880744bd1a342a8e3789135412d8f9da2",
        "is_secret": false,
        "is_verified": false,
        "line_number": 120,
        "type": "Secret Keyword",
        "verified_result": null
      },
      {
        "hashed_secret": "2ea7922634de2875ff5c42d0fa29b4164099d035",
        "is_secret": false,
        "is_verified": false,
        "line_number": 258,
        "type": "Secret Keyword",
        "verified_result": null
      },
      {
        "hashed_secret": "14991a6831690bfa16045ce03c951b254e477476",
        "is_secret": false,
        "is_verified": false,
        "line_number": 454,
        "type": "Secret Keyword",
        "verified_result": null
      }
    ],
    "README.md": [
      {
        "hashed_secret": "b7991211e1e73c924ee8febee2d1e80f0173c762",
        "is_secret": false,
        "is_verified": false,
        "line_number": 136,
        "type": "Secret Keyword",
        "verified_result": null
      },
      {
        "hashed_secret": "108b310facc1a193833fc2971fd83081f775ea0c",
        "is_secret": false,
        "is_verified": false,
        "line_number": 243,
        "type": "Secret Keyword",
        "verified_result": null
      },
      {
        "hashed_secret": "5d4e7584ece9047cd53ae0e4b40726328968ce68",
        "is_secret": false,
        "is_verified": false,
        "line_number": 331,
        "type": "Hex High Entropy String",
        "verified_result": null
      },
      {
        "hashed_secret": "543d4766b92de8d18b1899c24e825638fd2a2bb7",
        "is_secret": false,
        "is_verified": false,
        "line_number": 452,
        "type": "Secret Keyword",
        "verified_result": null
      },
      {
        "hashed_secret": "76a5af8c9ee406ff91da84664bc6f58cacb2ad76",
        "is_secret": false,
        "is_verified": false,
        "line_number": 452,
        "type": "Base64 High Entropy String",
        "verified_result": null
      },
      {
        "hashed_secret": "fa9beb99e4029ad5a6615399e7bbae21356086b3",
        "is_secret": false,
        "is_verified": false,
        "line_number": 548,
        "type": "Secret Keyword",
        "verified_result": null
      },
      {
        "hashed_secret": "5546721ffdfc2e5b0e4c0da38f10774f9ad50b09",
        "is_secret": false,
        "is_verified": false,
        "line_number": 644,
        "type": "Secret Keyword",
        "verified_result": null
      },
      {
        "hashed_secret": "5baa61e4c9b93f3f0682250b6cf8331b7ee68fd8",
        "is_secret": false,
        "is_verified": false,
        "line_number": 709,
        "type": "Basic Auth Credentials",
        "verified_result": null
      },
      {
        "hashed_secret": "08cd923367890009657eab812753379bdb321eeb",
        "is_secret": false,
        "is_verified": false,
        "line_number": 715,
        "type": "Secret Keyword",
        "verified_result": null
      }
    ],
    "TESTING.md": [
      {
        "hashed_secret": "9d4e1e23bd5b727046a9e3b4b7db57bd8d6ee684",
        "is_secret": false,
        "is_verified": false,
        "line_number": 361,
        "type": "Basic Auth Credentials",
        "verified_result": null
      }
    ],
    "agent_runtimes/langchain_agent/.env.example": [
      {
        "hashed_secret": "6a01df300e8fdc808a9e5ff43e165e08a4bcb06c",
        "is_secret": false,
        "is_verified": false,
        "line_number": 20,
        "type": "Secret Keyword",
        "verified_result": null
      },
      {
        "hashed_secret": "5d395f245794c71d83c91fd0a3292e0dddb75be2",
        "is_secret": false,
        "is_verified": false,
        "line_number": 26,
        "type": "Secret Keyword",
        "verified_result": null
      },
      {
        "hashed_secret": "63a7af5ac66389a5b0fc828d5e251dceef278117",
        "is_secret": false,
        "is_verified": false,
        "line_number": 34,
        "type": "Secret Keyword",
        "verified_result": null
      },
      {
        "hashed_secret": "8e6c66eee56e13a84102f57ac92aa0330031574c",
        "is_secret": false,
        "is_verified": false,
        "line_number": 45,
        "type": "Secret Keyword",
        "verified_result": null
      },
      {
        "hashed_secret": "ac4154b035c704d736cb79c39c811b8f7f5ee2ec",
        "is_secret": false,
        "is_verified": false,
        "line_number": 106,
        "type": "Secret Keyword",
        "verified_result": null
      }
    ],
    "agent_runtimes/langchain_agent/PROVIDERS.md": [
      {
        "hashed_secret": "1d3b1295c282649864a65fe3bd1631bcf7499ef5",
        "is_secret": false,
        "is_verified": false,
        "line_number": 18,
        "type": "Secret Keyword",
        "verified_result": null
      },
      {
        "hashed_secret": "5d395f245794c71d83c91fd0a3292e0dddb75be2",
        "is_secret": false,
        "is_verified": false,
        "line_number": 42,
        "type": "Secret Keyword",
        "verified_result": null
      },
      {
        "hashed_secret": "63a7af5ac66389a5b0fc828d5e251dceef278117",
        "is_secret": false,
        "is_verified": false,
        "line_number": 72,
        "type": "Secret Keyword",
        "verified_result": null
      },
      {
        "hashed_secret": "8e6c66eee56e13a84102f57ac92aa0330031574c",
        "is_secret": false,
        "is_verified": false,
        "line_number": 144,
        "type": "Secret Keyword",
        "verified_result": null
      }
    ],
    "agent_runtimes/langchain_agent/README.md": [
      {
        "hashed_secret": "1d3b1295c282649864a65fe3bd1631bcf7499ef5",
        "is_secret": false,
        "is_verified": false,
        "line_number": 141,
        "type": "Secret Keyword",
        "verified_result": null
      },
      {
        "hashed_secret": "5d395f245794c71d83c91fd0a3292e0dddb75be2",
        "is_secret": false,
        "is_verified": false,
        "line_number": 152,
        "type": "Secret Keyword",
        "verified_result": null
      },
      {
        "hashed_secret": "63a7af5ac66389a5b0fc828d5e251dceef278117",
        "is_secret": false,
        "is_verified": false,
        "line_number": 166,
        "type": "Secret Keyword",
        "verified_result": null
      },
      {
        "hashed_secret": "8e6c66eee56e13a84102f57ac92aa0330031574c",
        "is_secret": false,
        "is_verified": false,
        "line_number": 196,
        "type": "Secret Keyword",
        "verified_result": null
      }
    ],
    "agent_runtimes/langchain_agent/examples/anthropic.env": [
      {
        "hashed_secret": "8e6c66eee56e13a84102f57ac92aa0330031574c",
        "is_secret": false,
        "is_verified": false,
        "line_number": 12,
        "type": "Secret Keyword",
        "verified_result": null
      }
    ],
    "agent_runtimes/langchain_agent/examples/aws-bedrock.env": [
      {
        "hashed_secret": "63a7af5ac66389a5b0fc828d5e251dceef278117",
        "is_secret": false,
        "is_verified": false,
        "line_number": 13,
        "type": "Secret Keyword",
        "verified_result": null
      }
    ],
    "agent_runtimes/langchain_agent/examples/azure-openai.env": [
      {
        "hashed_secret": "2c27a764c5ad4325f1624fb5c5b4ff76fa8c7cf7",
        "is_secret": false,
        "is_verified": false,
        "line_number": 12,
        "type": "Secret Keyword",
        "verified_result": null
      }
    ],
    "cyberfraud/cyberfraud_protected_secrets_adapter.py": [
      {
        "hashed_secret": "8585aba3cc666779a200ca09b6c2e75d64415cc1",
        "is_secret": false,
        "is_verified": false,
        "line_number": 27,
        "type": "Secret Keyword",
        "verified_result": null
      },
      {
        "hashed_secret": "20fd7697676ef38f63049809d330bf826e8e33f1",
        "is_secret": false,
        "is_verified": false,
        "line_number": 32,
        "type": "Secret Keyword",
        "verified_result": null
      },
      {
        "hashed_secret": "870716353197d68db028d439eff9d7de2098a52a",
        "is_secret": false,
        "is_verified": false,
        "line_number": 36,
        "type": "Secret Keyword",
        "verified_result": null
      }
    ],
    "deployment/AGENTS.md": [
      {
        "hashed_secret": "9d4e1e23bd5b727046a9e3b4b7db57bd8d6ee684",
        "is_secret": false,
        "is_verified": false,
        "line_number": 106,
        "type": "Basic Auth Credentials",
        "verified_result": null
      }
    ],
    "deployment/ansible/ibm-cloud/roles/k8s/tasks/main.yml": [
      {
        "hashed_secret": "d2e2ab0f407e4ee3cf2ab87d61c31b25a74085e5",
        "is_secret": false,
        "is_verified": false,
        "line_number": 13,
        "type": "Secret Keyword",
        "verified_result": null
      }
    ],
    "deployment/ansible/ibm-cloud/roles/k8s/templates/secret.yaml.j2": [
      {
        "hashed_secret": "d2e2ab0f407e4ee3cf2ab87d61c31b25a74085e5",
        "is_secret": false,
        "is_verified": false,
        "line_number": 9,
        "type": "Secret Keyword",
        "verified_result": null
      }
    ],
    "deployment/k8s/postgres-config.yaml": [
      {
        "hashed_secret": "7288edd0fc3ffcbe93a0cf06e3568e28521687bc",
        "is_secret": false,
        "is_verified": false,
        "line_number": 10,
        "type": "Secret Keyword",
        "verified_result": null
      }
    ],
    "deployment/knative/KNATIVE_SCALE_TO_ZERO.md": [
      {
        "hashed_secret": "a6778f1880744bd1a342a8e3789135412d8f9da2",
        "is_secret": false,
        "is_verified": false,
        "line_number": 93,
        "type": "Secret Keyword",
        "verified_result": null
      },
      {
        "hashed_secret": "354b3a4b7715d3694c88a4fa7db49e41de86568e",
        "is_secret": false,
        "is_verified": false,
        "line_number": 261,
        "type": "Secret Keyword",
        "verified_result": null
      }
    ],
    "deployment/knative/postgres-config.yaml": [
      {
        "hashed_secret": "fa9beb99e4029ad5a6615399e7bbae21356086b3",
        "is_secret": false,
        "is_verified": false,
        "line_number": 15,
        "type": "Secret Keyword",
        "verified_result": null
      }
    ],
    "enable_payload_logging.md": [
      {
        "hashed_secret": "fa9beb99e4029ad5a6615399e7bbae21356086b3",
        "is_secret": false,
        "is_verified": false,
        "line_number": 56,
        "type": "Secret Keyword",
        "verified_result": null
      }
    ],
    "examples/deployment-configs/deploy-openshift-local-registry.yaml": [
      {
        "hashed_secret": "08cd923367890009657eab812753379bdb321eeb",
        "is_secret": false,
        "is_verified": false,
        "line_number": 130,
        "type": "Secret Keyword",
        "verified_result": null
      }
    ],
    "examples/deployment-configs/deploy-openshift-local.yaml": [
      {
        "hashed_secret": "08cd923367890009657eab812753379bdb321eeb",
        "is_secret": false,
        "is_verified": false,
        "line_number": 115,
        "type": "Secret Keyword",
        "verified_result": null
      }
    ],
    "mcpgateway/admin.py": [
      {
        "hashed_secret": "fa9beb99e4029ad5a6615399e7bbae21356086b3",
        "is_secret": false,
        "is_verified": false,
        "line_number": 3771,
        "type": "Secret Keyword",
        "verified_result": null
      },
      {
        "hashed_secret": "559b05f1b2863e725b76e216ac3dadecbf92e244",
        "is_secret": false,
        "is_verified": false,
        "line_number": 4360,
        "type": "Secret Keyword",
        "verified_result": null
      },
      {
        "hashed_secret": "a8af4759392d4f7496d613174f33afe2074a4b8d",
        "is_secret": false,
        "is_verified": false,
        "line_number": 4362,
        "type": "Secret Keyword",
        "verified_result": null
      },
      {
        "hashed_secret": "85b60d811d16ff56b3654587d4487f713bfa33b7",
        "is_secret": false,
        "is_verified": false,
        "line_number": 14037,
        "type": "Secret Keyword",
        "verified_result": null
      }
    ],
    "mcpgateway/cache/session_registry.py": [
      {
        "hashed_secret": "9d4e1e23bd5b727046a9e3b4b7db57bd8d6ee684",
        "is_secret": false,
        "is_verified": false,
        "line_number": 152,
        "type": "Basic Auth Credentials",
        "verified_result": null
      }
    ],
    "mcpgateway/common/validators.py": [
      {
        "hashed_secret": "c377074d6473f35a91001981355da793dc808ffd",
        "is_secret": false,
        "is_verified": false,
        "line_number": 698,
        "type": "Hex High Entropy String",
        "verified_result": null
      },
      {
        "hashed_secret": "9d4e1e23bd5b727046a9e3b4b7db57bd8d6ee684",
        "is_secret": false,
        "is_verified": false,
        "line_number": 1038,
        "type": "Basic Auth Credentials",
        "verified_result": null
      }
    ],
    "mcpgateway/config.py": [
      {
        "hashed_secret": "9d4e1e23bd5b727046a9e3b4b7db57bd8d6ee684",
        "is_secret": false,
        "is_verified": false,
        "line_number": 220,
        "type": "Basic Auth Credentials",
        "verified_result": null
      },
      {
        "hashed_secret": "ff37a98a9963d347e9749a5c1b3936a4a245a6ff",
        "is_secret": false,
        "is_verified": false,
        "line_number": 1944,
        "type": "Secret Keyword",
        "verified_result": null
      }
    ],
    "mcpgateway/db.py": [
      {
        "hashed_secret": "9d4e1e23bd5b727046a9e3b4b7db57bd8d6ee684",
        "is_secret": false,
        "is_verified": false,
        "line_number": 80,
        "type": "Basic Auth Credentials",
        "verified_result": null
      }
    ],
    "mcpgateway/middleware/request_logging_middleware.py": [
      {
        "hashed_secret": "e9fe51f94eadabf54dbf2fbbd57188b9abee436e",
        "is_secret": false,
        "is_verified": false,
        "line_number": 40,
        "type": "Secret Keyword",
        "verified_result": null
      },
      {
        "hashed_secret": "f2b14f68eb995facb3a1c35287b778d5bd785511",
        "is_secret": false,
        "is_verified": false,
        "line_number": 171,
        "type": "Secret Keyword",
        "verified_result": null
      },
      {
        "hashed_secret": "1073ab6cda4b991cd29f9e83a307f34004ae9327",
        "is_secret": false,
        "is_verified": false,
        "line_number": 177,
        "type": "Secret Keyword",
        "verified_result": null
      },
      {
        "hashed_secret": "d4fe581561f18ee5006254a7e53f53cbed780bc2",
        "is_secret": false,
        "is_verified": false,
        "line_number": 259,
        "type": "Secret Keyword",
        "verified_result": null
      }
    ],
    "mcpgateway/routers/auth.py": [
      {
        "hashed_secret": "aa1a82fe15c74459f1261961b07ae924e2b94ab2",
        "is_secret": false,
        "is_verified": false,
        "line_number": 150,
        "type": "Secret Keyword",
        "verified_result": null
      }
    ],
    "mcpgateway/routers/email_auth.py": [
      {
        "hashed_secret": "6993a3fd94a012ab50fb6b9e97ec238310f0b177",
        "is_secret": false,
        "is_verified": false,
        "line_number": 396,
        "type": "Secret Keyword",
        "verified_result": null
      },
      {
        "hashed_secret": "52dcc83ec1e54426ad58a64854d1eb8d5f5d9685",
        "is_secret": false,
        "is_verified": false,
        "line_number": 397,
        "type": "Secret Keyword",
        "verified_result": null
      },
      {
        "hashed_secret": "a616a64c0fbc30f12287d0f24f3b90dd2e6a206e",
        "is_secret": false,
        "is_verified": false,
        "line_number": 679,
        "type": "Secret Keyword",
        "verified_result": null
      }
    ],
    "mcpgateway/routers/oauth_router.py": [
      {
        "hashed_secret": "d3ecb0d890368d7659ee54010045b835dacb8efe",
        "is_secret": false,
        "is_verified": false,
        "line_number": 608,
        "type": "Secret Keyword",
        "verified_result": null
      }
    ],
    "mcpgateway/schemas.py": [
      {
        "hashed_secret": "c377074d6473f35a91001981355da793dc808ffd",
        "is_secret": false,
        "is_verified": false,
        "line_number": 3961,
        "type": "Hex High Entropy String",
        "verified_result": null
      },
      {
        "hashed_secret": "6367c48dd193d56ea7b0baad25b19455e529f5ee",
        "is_secret": false,
        "is_verified": false,
        "line_number": 5105,
        "type": "Secret Keyword",
        "verified_result": null
      },
      {
        "hashed_secret": "f2b14f68eb995facb3a1c35287b778d5bd785511",
        "is_secret": false,
        "is_verified": false,
        "line_number": 5258,
        "type": "Secret Keyword",
        "verified_result": null
      },
      {
        "hashed_secret": "f42a3fabe1e9bed059d727f47eb752e3aa61b977",
        "is_secret": false,
        "is_verified": false,
        "line_number": 5315,
        "type": "Secret Keyword",
        "verified_result": null
      },
      {
        "hashed_secret": "b85788b459aa4d67e1070930dae6d0827756aadb",
        "is_secret": false,
        "is_verified": false,
        "line_number": 5353,
        "type": "Secret Keyword",
        "verified_result": null
      },
      {
        "hashed_secret": "52dcc83ec1e54426ad58a64854d1eb8d5f5d9685",
        "is_secret": false,
        "is_verified": false,
        "line_number": 5354,
        "type": "Secret Keyword",
        "verified_result": null
      }
    ],
    "mcpgateway/services/argon2_service.py": [
      {
        "hashed_secret": "f13733f6dd9f1ed3118e2da31428c71eab5ffd99",
        "is_secret": false,
        "is_verified": false,
        "line_number": 50,
        "type": "Secret Keyword",
        "verified_result": null
      }
    ],
    "mcpgateway/services/email_auth_service.py": [
      {
        "hashed_secret": "f42a3fabe1e9bed059d727f47eb752e3aa61b977",
        "is_secret": false,
        "is_verified": false,
        "line_number": 541,
        "type": "Secret Keyword",
        "verified_result": null
      }
    ],
    "mcpgateway/services/mcp_client_chat_service.py": [
      {
        "hashed_secret": "11fa7c37d697f30e6aee828b4426a10f83ab2380",
        "is_secret": false,
        "is_verified": false,
        "line_number": 484,
        "type": "Secret Keyword",
        "verified_result": null
      },
      {
        "hashed_secret": "94b778a67d72bc0e8fa5838e7fa48b37739a9e30",
        "is_secret": false,
        "is_verified": false,
        "line_number": 582,
        "type": "Secret Keyword",
        "verified_result": null
      },
      {
        "hashed_secret": "6d9c68c603e465077bdd49c62347fe54717f83a3",
        "is_secret": false,
        "is_verified": false,
        "line_number": 677,
        "type": "Secret Keyword",
        "verified_result": null
      },
      {
        "hashed_secret": "c7a8c334eef5d1749fface7d42c66f9ae5e8cf36",
        "is_secret": false,
        "is_verified": false,
        "line_number": 1115,
        "type": "Secret Keyword",
        "verified_result": null
      },
      {
        "hashed_secret": "a62f2225bf70bfaccbc7f1ef2a397836717377de",
        "is_secret": false,
        "is_verified": false,
        "line_number": 1749,
        "type": "Secret Keyword",
        "verified_result": null
      },
      {
        "hashed_secret": "ec3810e10fb78db55ce38b9c18d1c3eb1db739e0",
        "is_secret": false,
        "is_verified": false,
        "line_number": 1762,
        "type": "Secret Keyword",
        "verified_result": null
      }
    ],
    "mcpgateway/services/oauth_manager.py": [
      {
        "hashed_secret": "f2b14f68eb995facb3a1c35287b778d5bd785511",
        "is_secret": false,
        "is_verified": false,
        "line_number": 104,
        "type": "Secret Keyword",
        "verified_result": null
      },
      {
        "hashed_secret": "819ef87051ee2837fefbb462d846b8d282d3b756",
        "is_secret": false,
        "is_verified": false,
        "line_number": 107,
        "type": "Secret Keyword",
        "verified_result": null
      }
    ],
    "mcpgateway/services/observability_service.py": [
      {
        "hashed_secret": "0a24796d4c71ce722a92f450f69dc36c60b21de4",
        "is_secret": false,
        "is_verified": false,
        "line_number": 165,
        "type": "Hex High Entropy String",
        "verified_result": null
      },
      {
        "hashed_secret": "8750a512f22c55598175aee8790ae2470ec88d16",
        "is_secret": false,
        "is_verified": false,
        "line_number": 165,
        "type": "Hex High Entropy String",
        "verified_result": null
      }
    ],
    "mcpgateway/services/resource_service.py": [
      {
        "hashed_secret": "a10b98d7340036e9c8c301704f623eddd733cc1a",
        "is_secret": false,
        "is_verified": false,
        "line_number": 279,
        "type": "Hex High Entropy String",
        "verified_result": null
      },
      {
        "hashed_secret": "718cbcc5a4207c0d5f38e3a309bdba17cb0074b7",
        "is_secret": false,
        "is_verified": false,
        "line_number": 3079,
        "type": "Hex High Entropy String",
        "verified_result": null
      }
    ],
    "mcpgateway/services/sso_service.py": [
      {
        "hashed_secret": "920a25ef686c4f7ca6ad23dd109d3ad653161832",
        "is_secret": false,
        "is_verified": false,
        "line_number": 651,
        "type": "Secret Keyword",
        "verified_result": null
      }
    ],
    "mcpgateway/services/support_bundle_service.py": [
      {
        "hashed_secret": "5baa61e4c9b93f3f0682250b6cf8331b7ee68fd8",
        "is_secret": false,
        "is_verified": false,
        "line_number": 157,
        "type": "Basic Auth Credentials",
        "verified_result": null
      }
    ],
    "mcpgateway/sri_hashes.json": [
      {
        "hashed_secret": "1fd5e6bd76663b16aee9602fa54dff982f0c0513",
        "is_secret": false,
        "is_verified": false,
        "line_number": 2,
        "type": "Base64 High Entropy String",
        "verified_result": null
      },
      {
        "hashed_secret": "9412580d859a192c1915cdc58de2e145d249ef6a",
        "is_secret": false,
        "is_verified": false,
        "line_number": 3,
        "type": "Base64 High Entropy String",
        "verified_result": null
      },
      {
        "hashed_secret": "d8797430a133d1bc558e4ef4ba7110b28b67abfc",
        "is_secret": false,
        "is_verified": false,
        "line_number": 4,
        "type": "Base64 High Entropy String",
        "verified_result": null
      },
      {
        "hashed_secret": "6af61c57e8d8bcb6af6de09cfa7fb75c67785a48",
        "is_secret": false,
        "is_verified": false,
        "line_number": 5,
        "type": "Base64 High Entropy String",
        "verified_result": null
      },
      {
        "hashed_secret": "d58b463fcf8838bc9fec1cd217fc96dd6b2c02e8",
        "is_secret": false,
        "is_verified": false,
        "line_number": 6,
        "type": "Base64 High Entropy String",
        "verified_result": null
      },
      {
        "hashed_secret": "b5fc888b800befb7f0afd247b85cf1e00a1c617d",
        "is_secret": false,
        "is_verified": false,
        "line_number": 7,
        "type": "Base64 High Entropy String",
        "verified_result": null
      },
      {
        "hashed_secret": "a322631affd826e32a9fe4c1edd155526253a368",
        "is_secret": false,
        "is_verified": false,
        "line_number": 8,
        "type": "Base64 High Entropy String",
        "verified_result": null
      },
      {
        "hashed_secret": "5936242a1ad0d29897b3d7d8ca1075298653775c",
        "is_secret": false,
        "is_verified": false,
        "line_number": 9,
        "type": "Base64 High Entropy String",
        "verified_result": null
      },
      {
        "hashed_secret": "f7d3016ba11801d588c442e1a09f00897ff182e3",
        "is_secret": false,
        "is_verified": false,
        "line_number": 10,
        "type": "Base64 High Entropy String",
        "verified_result": null
      },
      {
        "hashed_secret": "57004d905b477a36f855d6a639c52b11c8385d1d",
        "is_secret": false,
        "is_verified": false,
        "line_number": 11,
        "type": "Base64 High Entropy String",
        "verified_result": null
      },
      {
        "hashed_secret": "d7abf8d576f5ea125ba6fd308f28d8654f523a8c",
        "is_secret": false,
        "is_verified": false,
        "line_number": 12,
        "type": "Base64 High Entropy String",
        "verified_result": null
      },
      {
        "hashed_secret": "f93b40344ae63559e62f94924b1b51c7222ca769",
        "is_secret": false,
        "is_verified": false,
        "line_number": 13,
        "type": "Base64 High Entropy String",
        "verified_result": null
      },
      {
        "hashed_secret": "724ed978fa8c0af12c9e23a521acda5f9c22fd74",
        "is_secret": false,
        "is_verified": false,
        "line_number": 14,
        "type": "Base64 High Entropy String",
        "verified_result": null
      },
      {
        "hashed_secret": "f8852355a4d22965e4c3640c9c3c6e4039a83fc2",
        "is_secret": false,
        "is_verified": false,
        "line_number": 15,
        "type": "Base64 High Entropy String",
        "verified_result": null
      },
      {
        "hashed_secret": "e40ac0dfd74f63f996a157f0c79c9ee0b9fbc951",
        "is_secret": false,
        "is_verified": false,
        "line_number": 16,
        "type": "Base64 High Entropy String",
        "verified_result": null
      }
    ],
    "mcpgateway/static/admin.js": [
      {
        "hashed_secret": "d3ecb0d890368d7659ee54010045b835dacb8efe",
        "is_secret": false,
        "is_verified": false,
        "line_number": 20228,
        "type": "Secret Keyword",
        "verified_result": null
      },
      {
        "hashed_secret": "b4e44716dbbf57be3dae2f819d96795a85d06652",
        "is_secret": false,
        "is_verified": false,
        "line_number": 33138,
        "type": "Secret Keyword",
        "verified_result": null
      }
    ],
    "mcpgateway/templates/admin.html": [
      {
        "hashed_secret": "b4e44716dbbf57be3dae2f819d96795a85d06652",
        "is_secret": false,
        "is_verified": false,
        "line_number": 13251,
        "type": "Secret Keyword",
        "verified_result": null
      }
    ],
    "mcpgateway/templates/change-password-required.html": [
      {
        "hashed_secret": "6947818ac409551f11fbaa78f0ea6391960aa5b8",
        "is_secret": false,
        "is_verified": false,
        "line_number": 582,
        "type": "Secret Keyword",
        "verified_result": null
      }
    ],
    "mcpgateway/templates/mcp_registry_partial.html": [
      {
        "hashed_secret": "d4c3d66fd0c38547a3c7a4c6bdc29c36911bc030",
        "is_secret": false,
        "is_verified": false,
        "line_number": 667,
        "type": "Secret Keyword",
        "verified_result": null
      }
    ],
    "mcpgateway/toolops/toolops_altk_service.py": [
      {
        "hashed_secret": "772fabfec4c6f068c046e516ab0b946909697d32",
        "is_secret": false,
        "is_verified": false,
        "line_number": 283,
        "type": "Hex High Entropy String",
        "verified_result": null
      }
    ],
    "mcpgateway/toolops/utils/db_util.py": [
      {
        "hashed_secret": "e2eea31cf61d791c922b110554ce1f0a6ed046e9",
        "is_secret": false,
        "is_verified": false,
        "line_number": 174,
        "type": "Hex High Entropy String",
        "verified_result": null
      }
    ],
    "mcpgateway/tools/builder/common.py": [
      {
        "hashed_secret": "2a1027e8abaef8567159c09ddca81604fb1ba8c0",
        "is_secret": false,
        "is_verified": false,
        "line_number": 428,
        "type": "Basic Auth Credentials",
        "verified_result": null
      }
    ],
    "mcpgateway/tools/builder/templates/compose/docker-compose.yaml.j2": [
      {
        "hashed_secret": "bd0160c2cf35d950843c88f3be2b9412ed71f485",
        "is_secret": false,
        "is_verified": false,
        "line_number": 44,
        "type": "Secret Keyword",
        "verified_result": null
      },
      {
        "hashed_secret": "4d4acd9b084d13f5fdb23807d857e1c48a1cfd0f",
        "is_secret": false,
        "is_verified": false,
        "line_number": 164,
        "type": "Secret Keyword",
        "verified_result": null
      }
    ],
    "mcpgateway/translate_header_utils.py": [
      {
        "hashed_secret": "e48c47f1431afd3bb030deea266b4309e2228c5b",
        "is_secret": false,
        "is_verified": false,
        "line_number": 190,
        "type": "Secret Keyword",
        "verified_result": null
      },
      {
        "hashed_secret": "a62f2225bf70bfaccbc7f1ef2a397836717377de",
        "is_secret": false,
        "is_verified": false,
        "line_number": 262,
        "type": "Secret Keyword",
        "verified_result": null
      },
      {
        "hashed_secret": "ee977806d7286510da8b9a7492ba58e2484c0ecc",
        "is_secret": false,
        "is_verified": false,
        "line_number": 317,
        "type": "Secret Keyword",
        "verified_result": null
      }
    ],
    "mcpgateway/utils/create_jwt_token.py": [
      {
        "hashed_secret": "2fcd9b91b955db1627d18720cb7395ef2893a497",
        "is_secret": false,
        "is_verified": false,
        "line_number": 36,
        "type": "Secret Keyword",
        "verified_result": null
      }
    ],
    "mcpgateway/utils/generate_keys.py": [
      {
        "hashed_secret": "1348b145fa1a555461c1b790a2f66614781091e9",
        "is_secret": false,
        "is_verified": false,
        "line_number": 89,
        "type": "Private Key",
        "verified_result": null
      }
    ],
    "mcpgateway/utils/services_auth.py": [
      {
        "hashed_secret": "a2fe5a0cdcbf2e84dbf868a11c5f2ca79f2d7b8d",
        "is_secret": false,
        "is_verified": false,
        "line_number": 218,
        "type": "Secret Keyword",
        "verified_result": null
      }
    ],
    "mcpgateway/utils/sso_bootstrap.py": [
      {
        "hashed_secret": "920a25ef686c4f7ca6ad23dd109d3ad653161832",
        "is_secret": false,
        "is_verified": false,
        "line_number": 41,
        "type": "Secret Keyword",
        "verified_result": null
      },
      {
        "hashed_secret": "b44bf05d644c15c4d84f78771de011e3cce924c0",
        "is_secret": false,
        "is_verified": false,
        "line_number": 58,
        "type": "Secret Keyword",
        "verified_result": null
      },
      {
        "hashed_secret": "999a3419d9959d3c39b11dcc67d79c7888b4b765",
        "is_secret": false,
        "is_verified": false,
        "line_number": 70,
        "type": "Secret Keyword",
        "verified_result": null
      },
      {
        "hashed_secret": "bacac952b5cb942687d38a9eda6531d570f88b22",
        "is_secret": false,
        "is_verified": false,
        "line_number": 83,
        "type": "Secret Keyword",
        "verified_result": null
      },
      {
        "hashed_secret": "cd1ecfcd67c8b85800a483d77e550d36727e8925",
        "is_secret": false,
        "is_verified": false,
        "line_number": 97,
        "type": "Secret Keyword",
        "verified_result": null
      }
    ],
    "mcpgateway/utils/url_auth.py": [
      {
        "hashed_secret": "6367c48dd193d56ea7b0baad25b19455e529f5ee",
        "is_secret": false,
        "is_verified": false,
        "line_number": 68,
        "type": "Secret Keyword",
        "verified_result": null
      },
      {
        "hashed_secret": "f2b14f68eb995facb3a1c35287b778d5bd785511",
        "is_secret": false,
        "is_verified": false,
        "line_number": 130,
        "type": "Basic Auth Credentials",
        "verified_result": null
      },
      {
        "hashed_secret": "9d4e1e23bd5b727046a9e3b4b7db57bd8d6ee684",
        "is_secret": false,
        "is_verified": false,
        "line_number": 136,
        "type": "Basic Auth Credentials",
        "verified_result": null
      },
      {
        "hashed_secret": "b02dff0ec9d24823e77c27c281a852247896b86d",
        "is_secret": false,
        "is_verified": false,
        "line_number": 138,
        "type": "Basic Auth Credentials",
        "verified_result": null
      },
      {
        "hashed_secret": "f2b14f68eb995facb3a1c35287b778d5bd785511",
        "is_secret": false,
        "is_verified": false,
        "line_number": 203,
        "type": "Secret Keyword",
        "verified_result": null
      }
    ],
    "mcpgateway/utils/verify_credentials.py": [
      {
        "hashed_secret": "a4b48a81cdab1e1a5dd37907d6c85ca1c61ddc7c",
        "is_secret": false,
        "is_verified": false,
        "line_number": 561,
        "type": "Secret Keyword",
        "verified_result": null
      }
    ],
    "mcpgateway/version.py": [
      {
        "hashed_secret": "9addbf544119efa4a64223b649750a510f0d463f",
        "is_secret": false,
        "is_verified": false,
        "line_number": 197,
        "type": "Secret Keyword",
        "verified_result": null
      },
      {
        "hashed_secret": "9addbf544119efa4a64223b649750a510f0d463f",
        "is_secret": false,
        "is_verified": false,
        "line_number": 276,
        "type": "Basic Auth Credentials",
        "verified_result": null
      }
    ],
    "podman-compose-sonarqube.yaml": [
      {
        "hashed_secret": "345e9ea7c857e75dedd9edb24c232e1cab297c19",
        "is_secret": false,
        "is_verified": false,
        "line_number": 28,
        "type": "Secret Keyword",
        "verified_result": null
      }
    ],
    "run-granian.sh": [
      {
        "hashed_secret": "64f5490a2808803712ef99d9dfb8bc3ea5a15077",
        "is_secret": false,
        "is_verified": false,
        "line_number": 291,
        "type": "Secret Keyword",
        "verified_result": null
      },
      {
        "hashed_secret": "cff0d14e4337fa8bdb68dfa906f04b0df6fad72f",
        "is_secret": false,
        "is_verified": false,
        "line_number": 406,
        "type": "Secret Keyword",
        "verified_result": null
      }
    ],
    "run-gunicorn.sh": [
      {
        "hashed_secret": "64f5490a2808803712ef99d9dfb8bc3ea5a15077",
        "is_secret": false,
        "is_verified": false,
        "line_number": 296,
        "type": "Secret Keyword",
        "verified_result": null
      }
    ],
    "run.sh": [
      {
        "hashed_secret": "fa9beb99e4029ad5a6615399e7bbae21356086b3",
        "is_secret": false,
        "is_verified": false,
        "line_number": 115,
        "type": "Secret Keyword",
        "verified_result": null
      },
      {
        "hashed_secret": "7b4455a56fbf1d198e45e04c437488514645a82c",
        "is_secret": false,
        "is_verified": false,
        "line_number": 117,
        "type": "Secret Keyword",
        "verified_result": null
      }
    ]
  },
  "version": "0.13.1+ibm.64.dss",
  "word_list": {
    "file": null,
    "hash": null
  }
}
